// Jest Snapshot v1, https://goo.gl/fbAQLP

exports[`PostList renders properly 1`] = `<Connect(PostList) />`;
