// Jest Snapshot v1, https://goo.gl/fbAQLP

exports[`PostDelete renders properly 1`] = `<Connect(PostDelete) />`;
