// Jest Snapshot v1, https://goo.gl/fbAQLP

exports[`PostShow renders properly 1`] = `<Connect(PostShow) />`;
